<string>:1: DeprecationWarning: The '__version__' attribute is deprecated and will be removed in Click 9.1. Use feature detection or 'importlib.metadata.version("click")' instead.
8.3.2
